
> web@0.1.0 build
> next build

   Ôľ▓ Next.js 15.1.6
   - Environments: .env

   Creating an optimized production build ...
 Ôťô Compiled successfully
   Skipping linting
   Checking validity of types ...
node.exe : Failed to 
compile.
At line:1 char:1
+ & "C:\Program Files
\nodejs/node.exe" "C:
\Program Files\nodejs
/node_mo ...
+ ~~~~~~~~~~~~~~~~~~~
~~~~~~~~~~~~~~~~~~~~~
~~~~~~~~~~~~~~~~~~~~~
~~~~~~~~
    + CategoryInfo   
           : NotSpe  
  cified: (Failed    
 to compile.:Stri    
ng) [], RemoteEx    c
eption
    + FullyQualified 
   ErrorId : Native  
  CommandError
 

./src/app/api/auth/re
gister/route.ts:16:35
Type error: Property 
'user' does not exist
 on type '{ aiInsight
: { create: (args: { 
data: Omit<AiInsight,
 "id" | "createdAt" |
 "isRead" | "isActedO
n">; }) => Promise<Ai
Insight>; findMany: (
args: any) => Promise
<...>; update: (args:
 { ...; }) => Promise
<...>; }; ... 6 more 
...; $extends: Extend
sHook<...>; }'.

[0m [90m 14 |[39m 
        [36mconst[3
9m hashedPassword [3
3m=[39m [36mawait[
39m bcrypt[33m.[39m
hash(password[33m,[
39m [35m12[39m)[0m
[0m [90m 15 |[39m
[0m
[0m[31m[1m>[22m[
39m[90m 16 |[39m   
      [36mconst[39m
 user [33m=[39m [3
6mawait[39m prisma[
33m.[39muser[33m.[
39mcreate({[0m
[0m [90m    |[39m 
                     
             [31m[1
m^[22m[39m[0m
[0m [90m 17 |[39m 
            data[33m
:[39m {[0m
[0m [90m 18 |[39m 
                email
[33m,[39m[0m
[0m [90m 19 |[39m 
                name
[33m,[39m[0m
Static worker exited 
with code: 1 and sign
al: null
