
> web@0.1.0 build
> next build

   Ôľ▓ Next.js 15.1.6
   - Environments: .env

   Creating an optimized production build ...
 Ôťô Compiled successfully
   Linting and checking validity of types ...

./src/app/(dashboard)/dashboard/page.tsx
10:6  Warning: 'DashboardData' is defined but never used.  @typescript-eslint/no-unused-vars

info  - Need to disable some ESLint rules? Learn more here: https://nextjs.org/docs/app/api-reference/config/eslint#disabling-rules
   Collecting page data ...
   Generating static pages (0/22) ...
   Generating static pages (5/22) 
   Generating static pages (10/22) 
   Generating static pages (16/22) 
 Ôťô Generating static pages (22/22)
   Finalizing page optimization ...
   Collecting build traces ...

Route (app)                              Size     First Load JS
Ôöî ÔŚő /                                    172 B           109 kB
Ôöť ÔŚő /_not-found                          979 B           106 kB
Ôöť Ăĺ /achievements                        3.96 kB         118 kB
Ôöť ÔŚő /ai                                  42.6 kB         223 kB
Ôöť Ăĺ /api/auth/[...nextauth]              159 B           106 kB
Ôöť Ăĺ /api/auth/register                   159 B           106 kB
Ôöť Ăĺ /api/fixed-expenses                  159 B           106 kB
Ôöť Ăĺ /api/goals                           159 B           106 kB
Ôöť Ăĺ /api/chat                            159 B           106 kB
Ôöť Ăĺ /api/transactions/expense            159 B           106 kB
Ôöť Ăĺ /api/transactions/fixed              159 B           106 kB
Ôöť Ăĺ /api/transactions/income             159 B           106 kB
Ôöť Ăĺ /budget                              1.72 kB         223 kB
Ôöť Ăĺ /dashboard                           3.48 kB         201 kB
Ôöť Ăĺ /goals                               1.81 kB         116 kB
Ôöť ÔŚő /investments                         159 B           106 kB
Ôöť ÔŚő /login                               4.62 kB         194 kB
Ôöť ÔŚő /register                            2.69 kB         192 kB
Ôöť ÔŚő /settings                            159 B           106 kB
Ôöö Ăĺ /transactions                        29.7 kB         251 kB
+ First Load JS shared by all            105 kB
  Ôöť chunks/4bd1b696-8e98d01fd0cddd2a.js  52.9 kB
  Ôöť chunks/517-bec596029d8435d5.js       50.5 kB
  Ôöö other shared chunks (total)          1.98 kB


Ăĺ Middleware                             83.4 kB

ÔŚő  (Static)   prerendered as static content
Ăĺ  (Dynamic)  server-rendered on demand

