src/app/(auth)/login/page.tsx(79,59): error TS2322: Type '{ children: string; htmlFor: string; class: string; }' is not assignable to type 'DetailedHTMLProps<LabelHTMLAttributes<HTMLLabelElement>, HTMLLabelElement>'.
  Property 'class' does not exist on type 'DetailedHTMLProps<LabelHTMLAttributes<HTMLLabelElement>, HTMLLabelElement>'. Did you mean 'className'?
src/app/(auth)/register/page.tsx(102,55): error TS2322: Type '{ children: string; htmlFor: string; class: string; }' is not assignable to type 'DetailedHTMLProps<LabelHTMLAttributes<HTMLLabelElement>, HTMLLabelElement>'.
  Property 'class' does not exist on type 'DetailedHTMLProps<LabelHTMLAttributes<HTMLLabelElement>, HTMLLabelElement>'. Did you mean 'className'?
src/app/(auth)/register/page.tsx(115,62): error TS2322: Type '{ children: string; htmlFor: string; class: string; }' is not assignable to type 'DetailedHTMLProps<LabelHTMLAttributes<HTMLLabelElement>, HTMLLabelElement>'.
  Property 'class' does not exist on type 'DetailedHTMLProps<LabelHTMLAttributes<HTMLLabelElement>, HTMLLabelElement>'. Did you mean 'className'?
src/app/(dashboard)/goals/page.tsx(51,29): error TS7006: Parameter 'goal' implicitly has an 'any' type.
src/app/(dashboard)/page.tsx(50,24): error TS7006: Parameter 'i' implicitly has an 'any' type.
src/app/(dashboard)/page.tsx(51,25): error TS7006: Parameter 'e' implicitly has an 'any' type.
src/app/api/chat/route.ts(37,23): error TS2551: Property 'toDataStreamResponse' does not exist on type 'StreamTextResult<ToolSet, Output<string, string, never>>'. Did you mean 'toTextStreamResponse'?
src/components/features/ai/chat-bot.tsx(3,25): error TS2307: Cannot find module 'ai/react' or its corresponding type declarations.
src/components/features/ai/chat-bot.tsx(35,39): error TS7006: Parameter 'm' implicitly has an 'any' type.
src/components/features/transactions/transaction-form.tsx(19,8): error TS2307: Cannot find module '@/components/ui/form' or its corresponding type declarations.
src/components/features/transactions/transaction-form.tsx(77,9): error TS2322: Type 'Resolver<{ type: "income" | "expense"; amount: string; category: string; date: Date; description?: string | undefined; isImpulse?: boolean | undefined; merchant?: string | undefined; }, any, { ...; }>' is not assignable to type 'Resolver<{ type: "income" | "expense"; amount: string; category: string; date: Date; isImpulse: boolean; description?: string | undefined; merchant?: string | undefined; }, any, { type: "income" | "expense"; ... 5 more ...; merchant?: string | undefined; }>'.
  Types of parameters 'options' and 'options' are incompatible.
    Type 'ResolverOptions<{ type: "income" | "expense"; amount: string; category: string; date: Date; isImpulse: boolean; description?: string | undefined; merchant?: string | undefined; }>' is not assignable to type 'ResolverOptions<{ type: "income" | "expense"; amount: string; category: string; date: Date; description?: string | undefined; isImpulse?: boolean | undefined; merchant?: string | undefined; }>'.
      Type 'boolean | undefined' is not assignable to type 'boolean'.
        Type 'undefined' is not assignable to type 'boolean'.
src/components/features/transactions/transaction-form.tsx(121,47): error TS2345: Argument of type '(data: { type: "income" | "expense"; amount: string; category: string; date: Date; isImpulse: boolean; description?: string | undefined; merchant?: string | undefined; }) => Promise<void>' is not assignable to parameter of type 'SubmitHandler<TFieldValues>'.
  Types of parameters 'data' and 'data' are incompatible.
    Type 'TFieldValues' is not assignable to type '{ type: "income" | "expense"; amount: string; category: string; date: Date; isImpulse: boolean; description?: string | undefined; merchant?: string | undefined; }'.
      Type 'FieldValues' is missing the following properties from type '{ type: "income" | "expense"; amount: string; category: string; date: Date; isImpulse: boolean; description?: string | undefined; merchant?: string | undefined; }': type, amount, category, date, isImpulse
src/components/features/transactions/transaction-form.tsx(125,32): error TS7031: Binding element 'field' implicitly has an 'any' type.
src/components/features/transactions/transaction-form.tsx(161,36): error TS7031: Binding element 'field' implicitly has an 'any' type.
src/components/features/transactions/transaction-form.tsx(175,36): error TS7031: Binding element 'field' implicitly has an 'any' type.
src/components/features/transactions/transaction-form.tsx(218,32): error TS7031: Binding element 'field' implicitly has an 'any' type.
src/components/features/transactions/transaction-form.tsx(244,36): error TS7031: Binding element 'field' implicitly has an 'any' type.
src/components/features/transactions/transaction-form.tsx(259,32): error TS7031: Binding element 'field' implicitly has an 'any' type.
src/components/features/transactions/transaction-form.tsx(274,36): error TS7031: Binding element 'field' implicitly has an 'any' type.
src/components/layout/site-header.tsx(4,28): error TS2307: Cannot find module '@/components/mode-toggle' or its corresponding type declarations.
src/lib/prismadb.ts(1,10): error TS2305: Module '"@prisma/client"' has no exported member 'PrismaClient'.
